// Jest Snapshot v1, https://goo.gl/fbAQLP

exports[`renders correctly 1`] = `
<div
  className="ShowIf ShowIf--visible"
>
  Content
</div>
`;

exports[`renders null if passed with no children 1`] = `null`;
